[www.cropsolutions.co.uk/index.html]
[backblue.gif]
[fade.gif]
[index.html]
[www.cropsolutions.co.uk/wp-content/uploads/2016/11/favicon.ico]
[www.cropsolutions.co.uk/feed/index.html]
[www.cropsolutions.co.uk/wp-includes/css/classic-themes.min68b3.css]
[www.cropsolutions.co.uk/comments/feed/index.html]
[www.cropsolutions.co.uk/wp-content/uploads/fusion-styles/7db710b1f79bca7b1f8c2ec5e7e87878.min3fd0.css]
[www.cropsolutions.co.uk/wp-includes/js/jquery/jquery.mina7a0.js]
[www.cropsolutions.co.uk/wp-includes/js/jquery/jquery-migrate.mind617.js]
[www.cropsolutions.co.uk/wp-json/index.html]
[www.cropsolutions.co.uk/wp-json/wp/v2/pages/934.5.delayed]
[www.cropsolutions.co.uk/xmlrpc.60db0.delayed]
[www.cropsolutions.co.uk/wp-includes/wlwmanifest.7.delayed]
[www.cropsolutions.co.uk/wp-json/oembed/1.0/embed.8c5a0.delayed]
[www.cropsolutions.co.uk/wp-json/oembed/1.0/embed.96def.delayed]
[www.cropsolutions.co.uk/wp-content/uploads/2016/11/CropSolutionsLogo1.png]
[www.cropsolutions.co.uk/wp-content/uploads/CropSolutionsLogoMob.png]
[www.cropsolutions.co.uk/wp-content/uploads/Crop-Solutions-Slider-5.jpg]
[www.cropsolutions.co.uk/about-us/meet-the-team/index.html]
[www.cropsolutions.co.uk/about-us/index.html]
[www.cropsolutions.co.uk/privacy-policy/index.html]
[www.cropsolutions.co.uk/wp-content/uploads/2016/11/Crop-Solutions-Slider-3.jpg]
[www.cropsolutions.co.uk/terms-and-conditions/index.html]
[www.cropsolutions.co.uk/products/index.html]
[www.cropsolutions.co.uk/wp-content/uploads/2016/11/Crop-Solutions-Slider-2.e.delayed]
[www.cropsolutions.co.uk/products/insect-nets/index.html]
[www.cropsolutions.co.uk/products/bird-hail-net/index.html]
[www.cropsolutions.co.uk/products/thermal-net/index.html]
[www.cropsolutions.co.uk/wp-content/uploads/2016/11/Crop-Solutions-Slider-1.jpg]
[www.cropsolutions.co.uk/products/fleece/index.html]
[www.cropsolutions.co.uk/products/ground-cover/index.html]
[www.cropsolutions.co.uk/products/machines/index.html]
[www.cropsolutions.co.uk/wp-content/uploads/2016/11/covers.png]
[www.cropsolutions.co.uk/products/machines/mk4-unrolling-machine/index.html]
[www.cropsolutions.co.uk/wp-content/uploads/2016/11/machines.png]
[www.cropsolutions.co.uk/products/machines/mk4-rolling-machine/index.html]
[www.cropsolutions.co.uk/products/machines/mk1-rolling-unrolling-machine/index.html]
[www.cropsolutions.co.uk/wp-content/uploads/2016/11/pegs.png]
[www.cropsolutions.co.uk/wp-includes/css/dist/block-library/style.min6a4d.css]
[www.cropsolutions.co.uk/products/machines/machine-videos/index.html]
[www.cropsolutions.co.uk/products/ancillaries/index.html]
[www.cropsolutions.co.uk/gallery/index.html]
[www.cropsolutions.co.uk/wp-content/plugins/contact-form-7/includes/swv/js/index42f0.js]
[www.cropsolutions.co.uk/careers/index.html]
[www.cropsolutions.co.uk/news/index.html]
[www.cropsolutions.co.uk/contact-us/index.html]
[www.cropsolutions.co.uk/wp-content/plugins/contact-form-7/includes/js/index42f0.js]
[www.cropsolutions.co.uk/wp-content/plugins/fusion-builder/assets/js/min/general/fusion-title68b3.js]
[www.cropsolutions.co.uk/wp-content/plugins/fusion-core/js/min/fusion-vertical-menu-widget080f.js]
[www.cropsolutions.co.uk/wp-content/themes/Avada/includes/lib/assets/min/js/library/cssuac93e.js]
[www.cropsolutions.co.uk/wp-content/themes/Avada/includes/lib/assets/min/js/library/modernizr3d36.js]
[www.cropsolutions.co.uk/wp-content/themes/Avada/includes/lib/assets/min/js/general/fusion3fd0.js]
[www.cropsolutions.co.uk/wp-content/themes/Avada/includes/lib/assets/min/js/library/bootstrap.transitione485.js]
[www.cropsolutions.co.uk/wp-content/themes/Avada/includes/lib/assets/min/js/library/bootstrap.tooltip46df.js]
[www.cropsolutions.co.uk/wp-content/themes/Avada/includes/lib/assets/min/js/library/jquery.requestAnimationFrame68b3.js]
[www.cropsolutions.co.uk/wp-content/themes/Avada/includes/lib/assets/min/js/library/jquery.easing4e44.js]
[www.cropsolutions.co.uk/wp-content/themes/Avada/includes/lib/assets/min/js/library/jquery.fitvids4963.js]
[www.cropsolutions.co.uk/wp-content/themes/Avada/includes/lib/assets/min/js/library/jquery.flexslidereed8.js]
[www.cropsolutions.co.uk/wp-content/themes/Avada/includes/lib/assets/min/js/library/jquery.ilightbox950a.js]
[www.cropsolutions.co.uk/wp-content/themes/Avada/includes/lib/assets/min/js/library/jquery.mousewheel7c45.js]
[www.cropsolutions.co.uk/wp-content/themes/Avada/includes/lib/assets/min/js/library/jquery.placeholder5d0a.js]
[www.cropsolutions.co.uk/wp-content/themes/Avada/includes/lib/assets/min/js/library/jquery.fade68b3.js]
[www.cropsolutions.co.uk/wp-content/themes/Avada/includes/lib/assets/min/js/general/fusion-equal-heights68b3.js]
[www.cropsolutions.co.uk/wp-content/themes/Avada/includes/lib/assets/min/js/library/fusion-parallax68b3.js]
[www.cropsolutions.co.uk/wp-content/themes/Avada/includes/lib/assets/min/js/library/fusion-video-general68b3.js]
[www.cropsolutions.co.uk/wp-content/themes/Avada/includes/lib/assets/min/js/library/fusion-video-bg68b3.js]
[www.cropsolutions.co.uk/wp-content/themes/Avada/includes/lib/assets/min/js/general/fusion-lightbox68b3.js]
[www.cropsolutions.co.uk/wp-content/themes/Avada/includes/lib/assets/min/js/general/fusion-tooltip68b3.js]
[www.cropsolutions.co.uk/wp-content/themes/Avada/includes/lib/assets/min/js/general/fusion-sharing-box68b3.js]
[www.cropsolutions.co.uk/wp-content/themes/Avada/includes/lib/assets/min/js/library/jquery.sticky-kitcfa9.js]
[www.cropsolutions.co.uk/wp-content/themes/Avada/includes/lib/assets/min/js/library/fusion-youtube77e6.js]
[www.cropsolutions.co.uk/wp-content/themes/Avada/assets/min/js/general/avada-general-footerc50d.js]
[www.cropsolutions.co.uk/wp-content/themes/Avada/assets/min/js/general/avada-quantityc50d.js]
[www.cropsolutions.co.uk/wp-content/themes/Avada/assets/min/js/general/avada-crossfade-imagesc50d.js]
[www.cropsolutions.co.uk/wp-content/themes/Avada/assets/min/js/general/avada-selectc50d.js]
[www.cropsolutions.co.uk/wp-content/themes/Avada/assets/min/js/general/avada-tabs-widgetc50d.js]
[www.cropsolutions.co.uk/wp-content/themes/Avada/assets/min/js/general/avada-contact-form-7c50d.js]
[www.cropsolutions.co.uk/wp-content/themes/Avada/assets/min/js/general/avada-privacyc50d.js]
[www.cropsolutions.co.uk/wp-content/themes/Avada/assets/min/js/general/avada-live-searchc50d.js]
[www.cropsolutions.co.uk/wp-content/themes/Avada/includes/lib/assets/min/js/general/fusion-alert6a4d.js]
[www.cropsolutions.co.uk/wp-content/plugins/fusion-builder/assets/js/min/general/awb-off-canvas3fd0.js]
[www.cropsolutions.co.uk/wp-content/themes/Avada/includes/lib/assets/min/js/general/fusion-flexslider6a4d.js]
[www.cropsolutions.co.uk/wp-content/plugins/fusion-builder/assets/js/min/general/fusion-animations6a4d.js]
[www.cropsolutions.co.uk/wp-content/plugins/fusion-builder/assets/js/min/general/fusion-column-legacy6a4d.js]
[www.cropsolutions.co.uk/wp-content/plugins/fusion-builder/assets/js/min/library/jquery.textillated5f7.js]
[www.cropsolutions.co.uk/wp-content/themes/Avada/includes/lib/assets/min/js/general/fusion-button6a4d.js]
[www.cropsolutions.co.uk/wp-content/plugins/fusion-builder/assets/js/min/general/fusion-container68b3.js]
[www.cropsolutions.co.uk/wp-content/themes/Avada/assets/min/js/general/avada-headerc50d.js]
[www.cropsolutions.co.uk/wp-content/themes/Avada/includes/lib/assets/min/js/general/fusion-responsive-typography68b3.js]
[www.cropsolutions.co.uk/wp-content/plugins/fusion-core/js/min/avada-fusion-slider080f.js]
[www.cropsolutions.co.uk/wp-content/themes/Avada/assets/min/js/general/avada-drop-downc50d.js]
[www.cropsolutions.co.uk/wp-content/themes/Avada/assets/min/js/general/avada-to-topc50d.js]
[www.cropsolutions.co.uk/wp-content/themes/Avada/assets/min/js/general/avada-menuc50d.js]
[www.cropsolutions.co.uk/wp-content/themes/Avada/assets/min/js/library/bootstrap.scrollspyd617.js]
[www.cropsolutions.co.uk/wp-content/themes/Avada/assets/min/js/general/avada-scrollspyc50d.js]
[www.cropsolutions.co.uk/wp-content/themes/Avada/includes/lib/assets/min/js/general/fusion-scroll-to-anchor68b3.js]
[www.cropsolutions.co.uk/wp-content/themes/Avada/includes/lib/assets/min/js/general/fusion-general-global68b3.js]
[www.cropsolutions.co.uk/wp-content/plugins/fusion-builder/assets/js/min/general/fusion-video68b3.js]
[www.cropsolutions.co.uk/wp-content/plugins/fusion-builder/assets/js/min/general/fusion-column68b3.js]
[www.cropsolutions.co.uk/index.html]
[www.cropsolutions.co.uk/feed/index.html]
[www.cropsolutions.co.uk/comments/feed/index.html]
[www.cropsolutions.co.uk/wp-includes/css/classic-themes.min68b3.css]
[www.cropsolutions.co.uk/wp-content/themes/Avada/assets/images/patterns/pattern1.4c.delayed]
[www.cropsolutions.co.uk/wp-content/themes/Avada/includes/lib/assets/fonts/icomoon/awb-icons.woff]
[www.cropsolutions.co.uk/wp-content/themes/Avada/includes/lib/assets/fonts/icomoon/awb-icons.50.delayed]
[www.cropsolutions.co.uk/wp-content/themes/Avada/includes/lib/assets/fonts/icomoon/awb-icons.52.delayed]
[www.cropsolutions.co.uk/wp-content/themes/Avada/includes/lib/assets/fonts/fontawesome/webfonts/fa-brands-400.54.delayed]
[www.cropsolutions.co.uk/wp-content/plugins/fusion-builder/assets/images/iLightbox/closedhand.55.delayed]
[www.cropsolutions.co.uk/wp-content/uploads/fusion-styles/7db710b1f79bca7b1f8c2ec5e7e87878.min3fd0.css]
[www.cropsolutions.co.uk/wp-json/index.html]
[www.cropsolutions.co.uk/wp-json/wp/v2/pages/934.html]
[www.cropsolutions.co.uk/xmlrpc0db0.html]
[www.cropsolutions.co.uk/wp-includes/wlwmanifest.html]
[www.cropsolutions.co.uk/wp-json/oembed/1.0/embedc5a0.html]
[www.cropsolutions.co.uk/wp-json/oembed/1.0/embed6def.html]
[www.cropsolutions.co.uk/about-us/index.html]
[www.cropsolutions.co.uk/about-us/meet-the-team/index.html]
[www.cropsolutions.co.uk/privacy-policy/index.html]
[www.cropsolutions.co.uk/terms-and-conditions/index.html]
[www.cropsolutions.co.uk/products/index.html]
[www.cropsolutions.co.uk/products/insect-nets/index.html]
[www.cropsolutions.co.uk/products/bird-hail-net/index.html]
[www.cropsolutions.co.uk/products/thermal-net/index.html]
[www.cropsolutions.co.uk/products/fleece/index.html]
[www.cropsolutions.co.uk/products/ground-cover/index.html]
[www.cropsolutions.co.uk/products/machines/index.html]
[www.cropsolutions.co.uk/products/machines/mk4-unrolling-machine/index.html]
[www.cropsolutions.co.uk/products/machines/mk4-rolling-machine/index.html]
[www.cropsolutions.co.uk/products/machines/mk1-rolling-unrolling-machine/index.html]
[www.cropsolutions.co.uk/products/machines/machine-videos/index.html]
[www.cropsolutions.co.uk/products/ancillaries/index.html]
[www.cropsolutions.co.uk/gallery/index.html]
[www.cropsolutions.co.uk/careers/index.html]
[www.cropsolutions.co.uk/news/index.html]
[www.cropsolutions.co.uk/contact-us/index.html]
[www.cropsolutions.co.uk/author/admin/index.html]
[www.cropsolutions.co.uk/wp-includes/css/dist/block-library/style.min6a4d.css]
[www.cropsolutions.co.uk/wp-admin/admin-ajax.html]
[www.cropsolutions.co.uk/wp-content/themes/Avada/assets/images/patterns/pattern1.html]
[www.cropsolutions.co.uk/wp-content/themes/Avada/includes/lib/assets/fonts/icomoon/awb-icons.html]
[www.cropsolutions.co.uk/wp-content/themes/Avada/includes/lib/assets/fonts/icomoon/awb-icons-2.html]
[www.cropsolutions.co.uk/wp-content/themes/Avada/includes/lib/assets/fonts/fontawesome/webfonts/fa-brands-400.html]
[www.cropsolutions.co.uk/wp-content/plugins/fusion-builder/assets/images/iLightbox/closedhand.html]
